#-----------------------------------------------------------
# Vivado v2015.3 (64-bit)
# SW Build 1368829 on Mon Sep 28 20:06:39 MDT 2015
# IP Build 1367837 on Mon Sep 28 08:56:14 MDT 2015
# Start of session at: Tue Feb 16 18:58:49 2016
# Process ID: 14972
# Current directory: /home/edcn103/Dropbox/M.tech/Project/Hardware_Implementation/ConvEngine/ConvEngine.runs/blk_mem_gen_SDP_Awrite72depth65536_Bread72_128BRAM_synth_1
# Command line: vivado -log blk_mem_gen_SDP_Awrite72depth65536_Bread72_128BRAM.vds -mode batch -messageDb vivado.pb -notrace -source blk_mem_gen_SDP_Awrite72depth65536_Bread72_128BRAM.tcl
# Log file: /home/edcn103/Dropbox/M.tech/Project/Hardware_Implementation/ConvEngine/ConvEngine.runs/blk_mem_gen_SDP_Awrite72depth65536_Bread72_128BRAM_synth_1/blk_mem_gen_SDP_Awrite72depth65536_Bread72_128BRAM.vds
# Journal file: /home/edcn103/Dropbox/M.tech/Project/Hardware_Implementation/ConvEngine/ConvEngine.runs/blk_mem_gen_SDP_Awrite72depth65536_Bread72_128BRAM_synth_1/vivado.jou
#-----------------------------------------------------------
source blk_mem_gen_SDP_Awrite72depth65536_Bread72_128BRAM.tcl -notrace
