Copyright 1986-2015 Xilinx, Inc. All Rights Reserved.
------------------------------------------------------------------------------------
| Tool Version : Vivado v.2015.3 (lin64) Build 1368829 Mon Sep 28 20:06:39 MDT 2015
| Date         : Tue Feb 23 12:26:00 2016
| Host         : edcn103-pc running 64-bit Ubuntu 14.04.3 LTS
| Command      : report_control_sets -verbose -file Test_control_sets_placed.rpt
| Design       : Test
| Device       : xc7vx485t
------------------------------------------------------------------------------------

Control Set Information

Table of Contents
-----------------
1. Summary
2. Flip-Flop Distribution
3. Detailed Control Set Information

1. Summary
----------

+-------------------------------------------------------------------+-------+
|                               Status                              | Count |
+-------------------------------------------------------------------+-------+
| Number of unique control sets                                     |   130 |
| Minimum Number of register sites lost to control set restrictions |   520 |
+-------------------------------------------------------------------+-------+


2. Flip-Flop Distribution
-------------------------

+--------------+-----------------------+------------------------+-----------------+--------------+
| Clock Enable | Synchronous Set/Reset | Asynchronous Set/Reset | Total Registers | Total Slices |
+--------------+-----------------------+------------------------+-----------------+--------------+
| No           | No                    | No                     |               0 |            0 |
| No           | No                    | Yes                    |               0 |            0 |
| No           | Yes                   | No                     |               0 |            0 |
| Yes          | No                    | No                     |               8 |            2 |
| Yes          | No                    | Yes                    |               0 |            0 |
| Yes          | Yes                   | No                     |           18432 |         3127 |
+--------------+-----------------------+------------------------+-----------------+--------------+


3. Detailed Control Set Information
-----------------------------------

+--------------+------------------+------------------+------------------+----------------+
| Clock Signal |   Enable Signal  | Set/Reset Signal | Slice Load Count | Bel Load Count |
+--------------+------------------+------------------+------------------+----------------+
|  clk         | ena              |                  |                1 |              4 |
|  clk         | enb              |                  |                1 |              4 |
|  clk         | Temp[42][0][17]  | Temp[63][15]     |                5 |             18 |
|  clk         | Temp[45][0][17]  | Temp[63][15]     |                5 |             18 |
|  clk         | Temp[46][0][17]  | Temp[63][15]     |                5 |             18 |
|  clk         | Temp[47][0][17]  | Temp[63][15]     |                8 |             18 |
|  clk         | Temp[43][0][17]  | Temp[63][15]     |                6 |             18 |
|  clk         | Temp[44][0][17]  | Temp[63][15]     |                8 |             18 |
|  clk         | Temp[37][0][17]  | Temp[63][15]     |                7 |             18 |
|  clk         | Temp[38][0][17]  | Temp[63][15]     |                5 |             18 |
|  clk         | Temp[39][0][17]  | Temp[63][15]     |                7 |             18 |
|  clk         | Temp[3][0][17]   | Temp[63][15]     |                6 |             18 |
|  clk         | Temp[40][0][17]  | Temp[63][15]     |                6 |             18 |
|  clk         | Temp[41][0][17]  | Temp[63][15]     |                6 |             18 |
|  clk         | Temp[48][0][17]  | Temp[63][15]     |                7 |             18 |
|  clk         | Temp[33][0][17]  | Temp[63][15]     |                6 |             18 |
|  clk         | Temp[34][0][17]  | Temp[63][15]     |                5 |             18 |
|  clk         | Temp[35][0][17]  | Temp[63][15]     |                7 |             18 |
|  clk         | Temp[36][0][17]  | Temp[63][15]     |                7 |             18 |
|  clk         | Temp[29][0][17]  | Temp[63][15]     |                4 |             18 |
|  clk         | Temp[2][0][17]   | Temp[63][15]     |                5 |             18 |
|  clk         | Temp[30][0][17]  | Temp[63][15]     |                6 |             18 |
|  clk         | Temp[31][0][17]  | Temp[63][15]     |                7 |             18 |
|  clk         | Temp[59][0][17]  | Temp[63][15]     |                8 |             18 |
|  clk         | Temp[62][0][17]  | Temp[63][15]     |                6 |             18 |
|  clk         | Temp[63][0][17]  | Temp[63][15]     |                6 |             18 |
|  clk         | Temp[6][0][17]   | Temp[63][15]     |                4 |             18 |
|  clk         | Temp[7][0][17]   | Temp[63][15]     |                7 |             18 |
|  clk         | Temp[8][0][17]   | Temp[63][15]     |                7 |             18 |
|  clk         | Temp[9][0][17]   | Temp[63][15]     |                6 |             18 |
|  clk         | Temp[55][0][17]  | Temp[63][15]     |                7 |             18 |
|  clk         | Temp[56][0][17]  | Temp[63][15]     |                8 |             18 |
|  clk         | Temp[57][0][17]  | Temp[63][15]     |                5 |             18 |
|  clk         | Temp[58][0][17]  | Temp[63][15]     |                9 |             18 |
|  clk         | Temp[49][0][17]  | Temp[63][15]     |                4 |             18 |
|  clk         | Temp[5][0][17]   | Temp[63][15]     |                7 |             18 |
|  clk         | Temp[60][0][17]  | Temp[63][15]     |                8 |             18 |
|  clk         | Temp[54][0][17]  | Temp[63][15]     |                6 |             18 |
|  clk         | Temp[50][0][17]  | Temp[63][15]     |                4 |             18 |
|  clk         | Temp[51][0][17]  | Temp[63][15]     |                6 |             18 |
|  clk         | Temp[52][0][17]  | Temp[63][15]     |                7 |             18 |
|  clk         | Temp[53][0][17]  | Temp[63][15]     |                6 |             18 |
|  clk         | Temp[4][0][17]   | Temp[63][15]     |                5 |             18 |
|  clk         | Temp[61][0][17]  | Temp[63][15]     |                6 |             18 |
|  clk         | Temp[13][0][17]  | Temp[63][15]     |                6 |             18 |
|  clk         | Temp[27][0][17]  | Temp[63][15]     |                8 |             18 |
|  clk         | Temp[28][0][17]  | Temp[63][15]     |                7 |             18 |
|  clk         | Temp[22][0][17]  | Temp[63][15]     |                5 |             18 |
|  clk         | Temp[18][0][17]  | Temp[63][15]     |                6 |             18 |
|  clk         | Temp[19][0][17]  | Temp[63][15]     |                7 |             18 |
|  clk         | Temp[1][0][17]   | Temp[63][15]     |                6 |             18 |
|  clk         | Temp[20][0][17]  | Temp[63][15]     |               10 |             18 |
|  clk         | Temp[21][0][17]  | Temp[63][15]     |                8 |             18 |
|  clk         | Temp[32][0][17]  | Temp[63][15]     |                6 |             18 |
|  clk         | Temp[14][0][17]  | Temp[63][15]     |                5 |             18 |
|  clk         | Temp[15][0][17]  | Temp[63][15]     |                7 |             18 |
|  clk         | Temp[16][0][17]  | Temp[63][15]     |               10 |             18 |
|  clk         | Temp[17][0][17]  | Temp[63][15]     |                8 |             18 |
|  clk         | Temp[11][0][17]  | Temp[63][15]     |                4 |             18 |
|  clk         | Temp[12][0][17]  | Temp[63][15]     |                8 |             18 |
|  clk         | Temp[10][0][17]  | Temp[63][15]     |                8 |             18 |
|  clk         | Temp[0][0][17]   | Temp[63][15]     |                5 |             18 |
|  clk         | Temp[26][0][17]  | Temp[63][15]     |                9 |             18 |
|  clk         | Temp[25][0][17]  | Temp[63][15]     |                7 |             18 |
|  clk         | Temp[24][0][17]  | Temp[63][15]     |                9 |             18 |
|  clk         | Temp[23][0][17]  | Temp[63][15]     |                6 |             18 |
|  clk         | Temp[14][14][17] | rst              |               44 |            270 |
|  clk         | Temp[16][14][17] | rst              |               41 |            270 |
|  clk         | Temp[56][14][17] | rst              |               42 |            270 |
|  clk         | Temp[57][14][17] | rst              |               45 |            270 |
|  clk         | Temp[15][14][17] | rst              |               42 |            270 |
|  clk         | Temp[58][14][17] | rst              |               43 |            270 |
|  clk         | Temp[29][14][17] | rst              |               43 |            270 |
|  clk         | Temp[59][14][17] | rst              |               38 |            270 |
|  clk         | Temp[12][14][17] | rst              |               41 |            270 |
|  clk         | Temp[5][14][17]  | rst              |               38 |            270 |
|  clk         | Temp[24][14][17] | rst              |               44 |            270 |
|  clk         | Temp[13][14][17] | rst              |               39 |            270 |
|  clk         | Temp[54][14][17] | rst              |               41 |            270 |
|  clk         | Temp[50][14][17] | rst              |               41 |            270 |
|  clk         | Temp[51][14][17] | rst              |               37 |            270 |
|  clk         | Temp[55][14][17] | rst              |               43 |            270 |
|  clk         | Temp[2][14][17]  | rst              |               44 |            270 |
|  clk         | Temp[60][14][17] | rst              |               41 |            270 |
|  clk         | Temp[9][14][17]  | rst              |               43 |            270 |
|  clk         | Temp[23][14][17] | rst              |               43 |            270 |
|  clk         | Temp[8][14][17]  | rst              |               43 |            270 |
|  clk         | Temp[11][14][17] | rst              |               41 |            270 |
|  clk         | Temp[7][14][17]  | rst              |               41 |            270 |
|  clk         | Temp[30][14][17] | rst              |               43 |            270 |
|  clk         | Temp[6][14][17]  | rst              |               40 |            270 |
|  clk         | Temp[63][14][17] | rst              |               45 |            270 |
|  clk         | Temp[10][14][17] | rst              |               47 |            270 |
|  clk         | Temp[62][14][17] | rst              |               46 |            270 |
|  clk         | Temp[31][14][17] | rst              |               39 |            270 |
|  clk         | Temp[61][14][17] | rst              |               43 |            270 |
|  clk         | Temp[0][14][17]  | rst              |               40 |            270 |
|  clk         | Temp[39][14][17] | rst              |               47 |            270 |
|  clk         | Temp[43][14][17] | rst              |               43 |            270 |
|  clk         | Temp[18][14][17] | rst              |               40 |            270 |
|  clk         | Temp[44][14][17] | rst              |               43 |            270 |
|  clk         | Temp[33][14][17] | rst              |               43 |            270 |
|  clk         | Temp[37][14][17] | rst              |               41 |            270 |
|  clk         | Temp[22][14][17] | rst              |               46 |            270 |
|  clk         | Temp[38][14][17] | rst              |               41 |            270 |
|  clk         | Temp[26][14][17] | rst              |               46 |            270 |
|  clk         | Temp[47][14][17] | rst              |               41 |            270 |
|  clk         | Temp[28][14][17] | rst              |               42 |            270 |
|  clk         | Temp[3][14][17]  | rst              |               42 |            270 |
|  clk         | Temp[32][14][17] | rst              |               41 |            270 |
|  clk         | Temp[40][14][17] | rst              |               43 |            270 |
|  clk         | Temp[27][14][17] | rst              |               42 |            270 |
|  clk         | Temp[41][14][17] | rst              |               41 |            270 |
|  clk         | Temp[36][14][17] | rst              |               45 |            270 |
|  clk         | Temp[42][14][17] | rst              |               41 |            270 |
|  clk         | Temp[19][14][17] | rst              |               43 |            270 |
|  clk         | Temp[46][14][17] | rst              |               41 |            270 |
|  clk         | Temp[34][14][17] | rst              |               42 |            270 |
|  clk         | Temp[45][14][17] | rst              |               42 |            270 |
|  clk         | Temp[1][14][17]  | rst              |               43 |            270 |
|  clk         | Temp[49][14][17] | rst              |               44 |            270 |
|  clk         | Temp[25][14][17] | rst              |               43 |            270 |
|  clk         | Temp[48][14][17] | rst              |               40 |            270 |
|  clk         | Temp[20][14][17] | rst              |               46 |            270 |
|  clk         | Temp[4][14][17]  | rst              |               43 |            270 |
|  clk         | Temp[35][14][17] | rst              |               44 |            270 |
|  clk         | Temp[53][14][17] | rst              |               43 |            270 |
|  clk         | Temp[21][14][17] | rst              |               43 |            270 |
|  clk         | Temp[52][14][17] | rst              |               44 |            270 |
|  clk         | Temp[17][14][17] | rst              |               42 |            270 |
+--------------+------------------+------------------+------------------+----------------+


